input:
  name: talon
  node_types: data/node-types/talon.json
  repository_path: data/tree-sitter-talon
  class_prefix: Talon
  extra: [comment]
  raise_parse_error: true
  contents: |
    ### A test file with many comments
    # Only on macOS
    os: mac
    # Only on VSCode
    and app: vscode
    -
    spoken command:
      ### When you say 'spoken command'
      ### run the spoken_command action
      user.spoken_command("Some Argument", 1312)

    blurp

output: |
  Parse error on line 11 between column 0 and 5:
  blurp
  ^^^^^
