input:
  name: javascript
  file: node-types/javascript.json
  class_prefix: Js
  extra: []
output: |-
  from_tree_sitter(self, tsnode: tree_sitter.Node, *, encoding: str = 'utf-8') -> Node
  JsArguments(text: str, type_name: str, start_position: Point, end_position: Point, children: list[Union[JsExpression, JsSpreadElement, JsError]]) -> None
  JsArray(text: str, type_name: str, start_position: Point, end_position: Point, children: list[Union[JsExpression, JsSpreadElement, JsError]]) -> None
  JsArrayPattern(text: str, type_name: str, start_position: Point, end_position: Point, children: list[Union[JsAssignmentPattern, JsPattern, JsError]]) -> None
  JsArrowFunction(text: str, type_name: str, start_position: Point, end_position: Point, children: list['JsError'], body: list[Union[JsExpression, JsStatementBlock, JsError]], parameter: list[Union[JsIdentifier, JsError]], parameters: list[Union[JsFormalParameters, JsError]]) -> None
  JsAssignmentExpression(text: str, type_name: str, start_position: Point, end_position: Point, children: list['JsError'], left: list[Union[JsArrayPattern, JsIdentifier, JsMemberExpression, JsObjectPattern, JsParenthesizedExpression, JsSubscriptExpression, JsUndefined, JsError]], right: list[Union[JsExpression, JsError]]) -> None
  JsAssignmentPattern(text: str, type_name: str, start_position: Point, end_position: Point, children: list['JsError'], left: list[Union[JsPattern, JsError]], right: list[Union[JsExpression, JsError]]) -> None
  JsAugmentedAssignmentExpression(text: str, type_name: str, start_position: Point, end_position: Point, children: list['JsError'], left: list[Union[JsIdentifier, JsMemberExpression, JsParenthesizedExpression, JsSubscriptExpression, JsError]], right: list[Union[JsExpression, JsError]]) -> None
  JsAwaitExpression(text: str, type_name: str, start_position: Point, end_position: Point, children: list[Union[JsExpression, JsError]]) -> None
  JsBinaryExpression(text: str, type_name: str, start_position: Point, end_position: Point, children: list['JsError'], left: list[Union[JsExpression, JsError]], right: list[Union[JsExpression, JsError]]) -> None
  JsBreakStatement(text: str, type_name: str, start_position: Point, end_position: Point, children: list['JsError'], label: list[Union[JsStatementIdentifier, JsError]]) -> None
  JsCallExpression(text: str, type_name: str, start_position: Point, end_position: Point, children: list['JsError'], arguments: list[Union[JsArguments, JsTemplateString, JsError]], function: list[Union[JsExpression, JsError]]) -> None
  JsCatchClause(text: str, type_name: str, start_position: Point, end_position: Point, children: list['JsError'], body: list[Union[JsStatementBlock, JsError]], parameter: list[Union[JsArrayPattern, JsIdentifier, JsObjectPattern, JsError]]) -> None
  JsClass(text: str, type_name: str, start_position: Point, end_position: Point, children: list[Union[JsClassHeritage, JsError]], body: list[Union[JsClassBody, JsError]], decorator: list[Union[JsDecorator, JsError]], name: list[Union[JsIdentifier, JsError]]) -> None
  JsClassBody(text: str, type_name: str, start_position: Point, end_position: Point, children: list['JsError'], member: list[Union[JsFieldDefinition, JsMethodDefinition, JsError]]) -> None
  JsClassDeclaration(text: str, type_name: str, start_position: Point, end_position: Point, children: list[Union[JsClassHeritage, JsError]], body: list[Union[JsClassBody, JsError]], decorator: list[Union[JsDecorator, JsError]], name: list[Union[JsIdentifier, JsError]]) -> None
  JsClassHeritage(text: str, type_name: str, start_position: Point, end_position: Point, children: list[Union[JsExpression, JsError]]) -> None
  JsComment(text: str, type_name: str, start_position: Point, end_position: Point) -> None
  JsComputedPropertyName(text: str, type_name: str, start_position: Point, end_position: Point, children: list[Union[JsExpression, JsError]]) -> None
  JsContinueStatement(text: str, type_name: str, start_position: Point, end_position: Point, children: list['JsError'], label: list[Union[JsStatementIdentifier, JsError]]) -> None
  JsDebuggerStatement(text: str, type_name: str, start_position: Point, end_position: Point) -> None
  JsDeclaration(text: str, type_name: str, start_position: Point, end_position: Point) -> None
  JsDecorator(text: str, type_name: str, start_position: Point, end_position: Point, children: list[Union[JsCallExpression, JsIdentifier, JsMemberExpression, JsError]]) -> None
  JsDoStatement(text: str, type_name: str, start_position: Point, end_position: Point, children: list['JsError'], body: list[Union[JsStatement, JsError]], condition: list[Union[JsParenthesizedExpression, JsError]]) -> None
  JsElseClause(text: str, type_name: str, start_position: Point, end_position: Point, children: list[Union[JsStatement, JsError]]) -> None
  JsEmptyStatement(text: str, type_name: str, start_position: Point, end_position: Point) -> None
  JsError(text: str, type_name: str, start_position: Point, end_position: Point, children: list[Union[JsDeclaration, JsExpression, JsPattern, JsPrimaryExpression, JsStatement, JsArguments, JsArray, JsArrayPattern, JsArrowFunction, JsAssignmentExpression, JsAssignmentPattern, JsAugmentedAssignmentExpression, JsAwaitExpression, JsBinaryExpression, JsBreakStatement, JsCallExpression, JsCatchClause, JsClass, JsClassBody, JsClassDeclaration, JsClassHeritage, JsComputedPropertyName, JsContinueStatement, JsDebuggerStatement, JsDecorator, JsDoStatement, JsElseClause, JsEmptyStatement, JsExportClause, JsExportSpecifier, JsExportStatement, JsExpressionStatement, JsFieldDefinition, JsFinallyClause, JsForInStatement, JsForStatement, JsFormalParameters, JsFunction, JsFunctionDeclaration, JsGeneratorFunction, JsGeneratorFunctionDeclaration, JsIfStatement, JsImport, JsImportClause, JsImportSpecifier, JsImportStatement, JsJsxAttribute, JsJsxClosingElement, JsJsxElement, JsJsxExpression, JsJsxFragment, JsJsxNamespaceName, JsJsxOpeningElement, JsJsxSelfClosingElement, JsLabeledStatement, JsLexicalDeclaration, JsMemberExpression, JsMetaProperty, JsMethodDefinition, JsNamedImports, JsNamespaceExport, JsNamespaceImport, JsNestedIdentifier, JsNewExpression, JsObject, JsObjectAssignmentPattern, JsObjectPattern, JsPair, JsPairPattern, JsParenthesizedExpression, JsProgram, JsRegex, JsRestPattern, JsReturnStatement, JsSequenceExpression, JsSpreadElement, JsStatementBlock, JsString, JsSubscriptExpression, JsSwitchBody, JsSwitchCase, JsSwitchDefault, JsSwitchStatement, JsTemplateString, JsTemplateSubstitution, JsTernaryExpression, JsThrowStatement, JsTryStatement, JsUnaryExpression, JsUpdateExpression, JsVariableDeclaration, JsVariableDeclarator, JsWhileStatement, JsWithStatement, JsYieldExpression, JsComment, JsEscapeSequence, JsFalse, JsHashBangLine, JsIdentifier, JsJsxText, JsNull, JsNumber, JsPrivatePropertyIdentifier, JsPropertyIdentifier, JsRegexFlags, JsRegexPattern, JsShorthandPropertyIdentifier, JsShorthandPropertyIdentifierPattern, JsStatementIdentifier, JsStringFragment, JsSuper, JsThis, JsTrue, JsUndefined, JsError]]) -> None
  JsEscapeSequence(text: str, type_name: str, start_position: Point, end_position: Point) -> None
  JsExportClause(text: str, type_name: str, start_position: Point, end_position: Point, children: list[Union[JsExportSpecifier, JsError]]) -> None
  JsExportSpecifier(text: str, type_name: str, start_position: Point, end_position: Point, children: list['JsError'], alias: list[Union[JsIdentifier, JsError]], name: list[Union[JsIdentifier, JsError]]) -> None
  JsExportStatement(text: str, type_name: str, start_position: Point, end_position: Point, children: list[Union[JsExportClause, JsNamespaceExport, JsError]], declaration: list[Union[JsDeclaration, JsError]], decorator: list[Union[JsDecorator, JsError]], source: list[Union[JsString, JsError]], value: list[Union[JsExpression, JsError]]) -> None
  JsExpression(text: str, type_name: str, start_position: Point, end_position: Point) -> None
  JsExpressionStatement(text: str, type_name: str, start_position: Point, end_position: Point, children: list[Union[JsExpression, JsSequenceExpression, JsError]]) -> None
  JsFalse(text: str, type_name: str, start_position: Point, end_position: Point) -> None
  JsFieldDefinition(text: str, type_name: str, start_position: Point, end_position: Point, children: list['JsError'], decorator: list[Union[JsDecorator, JsError]], property: list[Union[JsComputedPropertyName, JsNumber, JsPrivatePropertyIdentifier, JsPropertyIdentifier, JsString, JsError]], value: list[Union[JsExpression, JsError]]) -> None
  JsFinallyClause(text: str, type_name: str, start_position: Point, end_position: Point, children: list['JsError'], body: list[Union[JsStatementBlock, JsError]]) -> None
  JsForInStatement(text: str, type_name: str, start_position: Point, end_position: Point, children: list['JsError'], body: list[Union[JsStatement, JsError]], left: list[Union[JsArrayPattern, JsIdentifier, JsMemberExpression, JsObjectPattern, JsParenthesizedExpression, JsSubscriptExpression, JsUndefined, JsError]], right: list[Union[JsExpression, JsSequenceExpression, JsError]], value: list[Union[JsExpression, JsError]]) -> None
  JsForStatement(text: str, type_name: str, start_position: Point, end_position: Point, children: list['JsError'], body: list[Union[JsStatement, JsError]], condition: list[Union[JsEmptyStatement, JsExpressionStatement, JsError]], increment: list[Union[JsExpression, JsSequenceExpression, JsError]], initializer: list[Union[JsEmptyStatement, JsExpressionStatement, JsLexicalDeclaration, JsVariableDeclaration, JsError]]) -> None
  JsFormalParameters(text: str, type_name: str, start_position: Point, end_position: Point, children: list[Union[JsAssignmentPattern, JsPattern, JsError]]) -> None
  JsFunction(text: str, type_name: str, start_position: Point, end_position: Point, children: list['JsError'], body: list[Union[JsStatementBlock, JsError]], name: list[Union[JsIdentifier, JsError]], parameters: list[Union[JsFormalParameters, JsError]]) -> None
  JsFunctionDeclaration(text: str, type_name: str, start_position: Point, end_position: Point, children: list['JsError'], body: list[Union[JsStatementBlock, JsError]], name: list[Union[JsIdentifier, JsError]], parameters: list[Union[JsFormalParameters, JsError]]) -> None
  JsGeneratorFunction(text: str, type_name: str, start_position: Point, end_position: Point, children: list['JsError'], body: list[Union[JsStatementBlock, JsError]], name: list[Union[JsIdentifier, JsError]], parameters: list[Union[JsFormalParameters, JsError]]) -> None
  JsGeneratorFunctionDeclaration(text: str, type_name: str, start_position: Point, end_position: Point, children: list['JsError'], body: list[Union[JsStatementBlock, JsError]], name: list[Union[JsIdentifier, JsError]], parameters: list[Union[JsFormalParameters, JsError]]) -> None
  JsHashBangLine(text: str, type_name: str, start_position: Point, end_position: Point) -> None
  JsIdentifier(text: str, type_name: str, start_position: Point, end_position: Point) -> None
  JsIfStatement(text: str, type_name: str, start_position: Point, end_position: Point, children: list['JsError'], alternative: list[Union[JsElseClause, JsError]], condition: list[Union[JsParenthesizedExpression, JsError]], consequence: list[Union[JsStatement, JsError]]) -> None
  JsImport(text: str, type_name: str, start_position: Point, end_position: Point) -> None
  JsImportClause(text: str, type_name: str, start_position: Point, end_position: Point, children: list[Union[JsIdentifier, JsNamedImports, JsNamespaceImport, JsError]]) -> None
  JsImportSpecifier(text: str, type_name: str, start_position: Point, end_position: Point, children: list['JsError'], alias: list[Union[JsIdentifier, JsError]], name: list[Union[JsIdentifier, JsError]]) -> None
  JsImportStatement(text: str, type_name: str, start_position: Point, end_position: Point, children: list[Union[JsImportClause, JsError]], source: list[Union[JsString, JsError]]) -> None
  JsJsxAttribute(text: str, type_name: str, start_position: Point, end_position: Point, children: list[Union[JsJsxElement, JsJsxExpression, JsJsxFragment, JsJsxNamespaceName, JsJsxSelfClosingElement, JsPropertyIdentifier, JsString, JsError]]) -> None
  JsJsxClosingElement(text: str, type_name: str, start_position: Point, end_position: Point, children: list['JsError'], name: list[Union[JsIdentifier, JsJsxNamespaceName, JsNestedIdentifier, JsError]]) -> None
  JsJsxElement(text: str, type_name: str, start_position: Point, end_position: Point, children: list[Union[JsJsxElement, JsJsxExpression, JsJsxFragment, JsJsxSelfClosingElement, JsJsxText, JsError]], close_tag: list[Union[JsJsxClosingElement, JsError]], open_tag: list[Union[JsJsxOpeningElement, JsError]]) -> None
  JsJsxExpression(text: str, type_name: str, start_position: Point, end_position: Point, children: list[Union[JsExpression, JsSequenceExpression, JsSpreadElement, JsError]]) -> None
  JsJsxFragment(text: str, type_name: str, start_position: Point, end_position: Point, children: list[Union[JsJsxElement, JsJsxExpression, JsJsxFragment, JsJsxSelfClosingElement, JsJsxText, JsError]]) -> None
  JsJsxNamespaceName(text: str, type_name: str, start_position: Point, end_position: Point, children: list[Union[JsIdentifier, JsError]]) -> None
  JsJsxOpeningElement(text: str, type_name: str, start_position: Point, end_position: Point, children: list['JsError'], attribute: list[Union[JsJsxAttribute, JsJsxExpression, JsError]], name: list[Union[JsIdentifier, JsJsxNamespaceName, JsNestedIdentifier, JsError]]) -> None
  JsJsxSelfClosingElement(text: str, type_name: str, start_position: Point, end_position: Point, children: list['JsError'], attribute: list[Union[JsJsxAttribute, JsJsxExpression, JsError]], name: list[Union[JsIdentifier, JsJsxNamespaceName, JsNestedIdentifier, JsError]]) -> None
  JsJsxText(text: str, type_name: str, start_position: Point, end_position: Point) -> None
  JsLabeledStatement(text: str, type_name: str, start_position: Point, end_position: Point, children: list['JsError'], body: list[Union[JsStatement, JsError]], label: list[Union[JsStatementIdentifier, JsError]]) -> None
  JsLexicalDeclaration(text: str, type_name: str, start_position: Point, end_position: Point, children: list[Union[JsVariableDeclarator, JsError]]) -> None
  JsMemberExpression(text: str, type_name: str, start_position: Point, end_position: Point, children: list['JsError'], object: list[Union[JsExpression, JsError]], property: list[Union[JsPrivatePropertyIdentifier, JsPropertyIdentifier, JsError]]) -> None
  JsMetaProperty(text: str, type_name: str, start_position: Point, end_position: Point) -> None
  JsMethodDefinition(text: str, type_name: str, start_position: Point, end_position: Point, children: list['JsError'], body: list[Union[JsStatementBlock, JsError]], decorator: list[Union[JsDecorator, JsError]], name: list[Union[JsComputedPropertyName, JsNumber, JsPrivatePropertyIdentifier, JsPropertyIdentifier, JsString, JsError]], parameters: list[Union[JsFormalParameters, JsError]]) -> None
  JsNamedImports(text: str, type_name: str, start_position: Point, end_position: Point, children: list[Union[JsImportSpecifier, JsError]]) -> None
  JsNamespaceExport(text: str, type_name: str, start_position: Point, end_position: Point, children: list[Union[JsIdentifier, JsError]]) -> None
  JsNamespaceImport(text: str, type_name: str, start_position: Point, end_position: Point, children: list[Union[JsIdentifier, JsError]]) -> None
  JsNestedIdentifier(text: str, type_name: str, start_position: Point, end_position: Point, children: list[Union[JsIdentifier, JsNestedIdentifier, JsError]]) -> None
  JsNewExpression(text: str, type_name: str, start_position: Point, end_position: Point, children: list['JsError'], arguments: list[Union[JsArguments, JsError]], constructor: list[Union[JsNewExpression, JsPrimaryExpression, JsError]]) -> None
  JsNull(text: str, type_name: str, start_position: Point, end_position: Point) -> None
  JsNumber(text: str, type_name: str, start_position: Point, end_position: Point) -> None
  JsObject(text: str, type_name: str, start_position: Point, end_position: Point, children: list[Union[JsMethodDefinition, JsPair, JsShorthandPropertyIdentifier, JsSpreadElement, JsError]]) -> None
  JsObjectAssignmentPattern(text: str, type_name: str, start_position: Point, end_position: Point, children: list['JsError'], left: list[Union[JsArrayPattern, JsObjectPattern, JsShorthandPropertyIdentifierPattern, JsError]], right: list[Union[JsExpression, JsError]]) -> None
  JsObjectPattern(text: str, type_name: str, start_position: Point, end_position: Point, children: list[Union[JsObjectAssignmentPattern, JsPairPattern, JsRestPattern, JsShorthandPropertyIdentifierPattern, JsError]]) -> None
  JsPair(text: str, type_name: str, start_position: Point, end_position: Point, children: list['JsError'], key: list[Union[JsComputedPropertyName, JsNumber, JsPrivatePropertyIdentifier, JsPropertyIdentifier, JsString, JsError]], value: list[Union[JsExpression, JsError]]) -> None
  JsPairPattern(text: str, type_name: str, start_position: Point, end_position: Point, children: list['JsError'], key: list[Union[JsComputedPropertyName, JsNumber, JsPrivatePropertyIdentifier, JsPropertyIdentifier, JsString, JsError]], value: list[Union[JsAssignmentPattern, JsPattern, JsError]]) -> None
  JsParenthesizedExpression(text: str, type_name: str, start_position: Point, end_position: Point, children: list[Union[JsExpression, JsSequenceExpression, JsError]]) -> None
  JsPattern(text: str, type_name: str, start_position: Point, end_position: Point) -> None
  JsPrimaryExpression(text: str, type_name: str, start_position: Point, end_position: Point) -> None
  JsPrivatePropertyIdentifier(text: str, type_name: str, start_position: Point, end_position: Point) -> None
  JsProgram(text: str, type_name: str, start_position: Point, end_position: Point, children: list[Union[JsHashBangLine, JsStatement, JsError]]) -> None
  JsPropertyIdentifier(text: str, type_name: str, start_position: Point, end_position: Point) -> None
  JsRegex(text: str, type_name: str, start_position: Point, end_position: Point, children: list['JsError'], flags: list[Union[JsRegexFlags, JsError]], pattern: list[Union[JsRegexPattern, JsError]]) -> None
  JsRegexFlags(text: str, type_name: str, start_position: Point, end_position: Point) -> None
  JsRegexPattern(text: str, type_name: str, start_position: Point, end_position: Point) -> None
  JsRestPattern(text: str, type_name: str, start_position: Point, end_position: Point, children: list[Union[JsArrayPattern, JsIdentifier, JsMemberExpression, JsObjectPattern, JsSubscriptExpression, JsUndefined, JsError]]) -> None
  JsReturnStatement(text: str, type_name: str, start_position: Point, end_position: Point, children: list[Union[JsExpression, JsSequenceExpression, JsError]]) -> None
  JsSequenceExpression(text: str, type_name: str, start_position: Point, end_position: Point, children: list['JsError'], left: list[Union[JsExpression, JsError]], right: list[Union[JsExpression, JsSequenceExpression, JsError]]) -> None
  JsShorthandPropertyIdentifier(text: str, type_name: str, start_position: Point, end_position: Point) -> None
  JsShorthandPropertyIdentifierPattern(text: str, type_name: str, start_position: Point, end_position: Point) -> None
  JsSpreadElement(text: str, type_name: str, start_position: Point, end_position: Point, children: list[Union[JsExpression, JsError]]) -> None
  JsStatement(text: str, type_name: str, start_position: Point, end_position: Point) -> None
  JsStatementBlock(text: str, type_name: str, start_position: Point, end_position: Point, children: list[Union[JsStatement, JsError]]) -> None
  JsStatementIdentifier(text: str, type_name: str, start_position: Point, end_position: Point) -> None
  JsString(text: str, type_name: str, start_position: Point, end_position: Point, children: list[Union[JsEscapeSequence, JsStringFragment, JsError]]) -> None
  JsStringFragment(text: str, type_name: str, start_position: Point, end_position: Point) -> None
  JsSubscriptExpression(text: str, type_name: str, start_position: Point, end_position: Point, children: list['JsError'], index: list[Union[JsExpression, JsSequenceExpression, JsError]], object: list[Union[JsExpression, JsError]]) -> None
  JsSuper(text: str, type_name: str, start_position: Point, end_position: Point) -> None
  JsSwitchBody(text: str, type_name: str, start_position: Point, end_position: Point, children: list[Union[JsSwitchCase, JsSwitchDefault, JsError]]) -> None
  JsSwitchCase(text: str, type_name: str, start_position: Point, end_position: Point, children: list['JsError'], body: list[Union[JsStatement, JsError]], value: list[Union[JsExpression, JsSequenceExpression, JsError]]) -> None
  JsSwitchDefault(text: str, type_name: str, start_position: Point, end_position: Point, children: list['JsError'], body: list[Union[JsStatement, JsError]]) -> None
  JsSwitchStatement(text: str, type_name: str, start_position: Point, end_position: Point, children: list['JsError'], body: list[Union[JsSwitchBody, JsError]], value: list[Union[JsParenthesizedExpression, JsError]]) -> None
  JsTemplateString(text: str, type_name: str, start_position: Point, end_position: Point, children: list[Union[JsEscapeSequence, JsTemplateSubstitution, JsError]]) -> None
  JsTemplateSubstitution(text: str, type_name: str, start_position: Point, end_position: Point, children: list[Union[JsExpression, JsSequenceExpression, JsError]]) -> None
  JsTernaryExpression(text: str, type_name: str, start_position: Point, end_position: Point, children: list['JsError'], alternative: list[Union[JsExpression, JsError]], condition: list[Union[JsExpression, JsError]], consequence: list[Union[JsExpression, JsError]]) -> None
  JsThis(text: str, type_name: str, start_position: Point, end_position: Point) -> None
  JsThrowStatement(text: str, type_name: str, start_position: Point, end_position: Point, children: list[Union[JsExpression, JsSequenceExpression, JsError]]) -> None
  JsTrue(text: str, type_name: str, start_position: Point, end_position: Point) -> None
  JsTryStatement(text: str, type_name: str, start_position: Point, end_position: Point, children: list['JsError'], body: list[Union[JsStatementBlock, JsError]], finalizer: list[Union[JsFinallyClause, JsError]], handler: list[Union[JsCatchClause, JsError]]) -> None
  JsUnaryExpression(text: str, type_name: str, start_position: Point, end_position: Point, children: list['JsError'], argument: list[Union[JsExpression, JsError]]) -> None
  JsUndefined(text: str, type_name: str, start_position: Point, end_position: Point) -> None
  JsUpdateExpression(text: str, type_name: str, start_position: Point, end_position: Point, children: list['JsError'], argument: list[Union[JsExpression, JsError]]) -> None
  JsVariableDeclaration(text: str, type_name: str, start_position: Point, end_position: Point, children: list[Union[JsVariableDeclarator, JsError]]) -> None
  JsVariableDeclarator(text: str, type_name: str, start_position: Point, end_position: Point, children: list['JsError'], name: list[Union[JsArrayPattern, JsIdentifier, JsObjectPattern, JsError]], value: list[Union[JsExpression, JsError]]) -> None
  JsWhileStatement(text: str, type_name: str, start_position: Point, end_position: Point, children: list['JsError'], body: list[Union[JsStatement, JsError]], condition: list[Union[JsParenthesizedExpression, JsError]]) -> None
  JsWithStatement(text: str, type_name: str, start_position: Point, end_position: Point, children: list['JsError'], body: list[Union[JsStatement, JsError]], object: list[Union[JsParenthesizedExpression, JsError]]) -> None
  JsYieldExpression(text: str, type_name: str, start_position: Point, end_position: Point, children: list[Union[JsExpression, JsError]]) -> None
